pck_a.pkb-4-7-V_UNUSED
pck_b.pkb-22-11-UNUSED
pck_b.pks-3-5-V_UNUSED_B
