pck_b.pks-5-14-FUN_1
pck_b.pkb-3-14-FUN_UNUSED
pck_b.pkb-8-14-FUN_ANOTHER_UNUSED
pck_b.pkb-18-14-FUN_1
